---
source: tests/corpus.rs
expression: "r#\"unclosed\"\n"
---
(document
  (node
    (error "unclosed raw string"))
