---
source: tests/corpus.rs
expression: "bookmarks 12 15 188 1234\n"
---
Document {
    nodes: [
        Node {
            span: 0..25,
            name: "bookmarks",
            ty: None,
            attrs: [
                Attribute {
                    span: 10..12,
                    name: None,
                    ty: None,
                    value: Number(
                        12,
                    ),
                },
                Attribute {
                    span: 13..15,
                    name: None,
                    ty: None,
                    value: Number(
                        15,
                    ),
                },
                Attribute {
                    span: 16..19,
                    name: None,
                    ty: None,
                    value: Number(
                        188,
                    ),
                },
                Attribute {
                    span: 20..24,
                    name: None,
                    ty: None,
                    value: Number(
                        1234,
                    ),
                },
            ],
            children: None,
        },
    ],
    ..
}
