---
source: tests/corpus.rs
expression: ""
---
Document {
    nodes: [],
}
