---
source: tests/corpus.rs
expression: "// Nodes can be separated into multiple lines\ntitle \\\n  \"Some title\"\n\n\n// Files must be utf8 encoded!\nsmile \"üòÅ\"\n\n// Instead of anonymous nodes, nodes and properties can be wrapped\n// in \"\" for arbitrary node names.\n\"!@#$@$%Q#$%~@!40\" \"1.2.3\" \"!!!!!\"=true\n\n// The following is a legal bare identifier:\nfoo123~!@#$%^&*.:'|?+ \"weeee\"\n\n// And you can also use unicode!\n„Éé„Éº„Éâ„ÄÄ„ÅäÂêçÂâç=\"‚òú(Ôæü„ÉÆÔæü‚òú)\"\n\n// kdl specifically allows properties and values to be\n// interspersed with each other, much like CLI commands.\nfoo bar=true \"baz\" quux=false 1 2 3\n"
---
Document {
    nodes: [
        Node {
            span: 46..71,
            ty: None,
            name: "title":46..51,
            attrs: [
                Attr {
                    span: 56..68,
                    name: None,
                    ty: None,
                    value: "Some title":56..68,
                },
            ],
            children: [],
        },
        Node {
            span: 102..116,
            ty: None,
            name: "smile":102..107,
            attrs: [
                Attr {
                    span: 108..114,
                    name: None,
                    ty: None,
                    value: "üòÅ":108..114,
                },
            ],
            children: [],
        },
        Node {
            span: 218..259,
            ty: None,
            name: "!@#$@$%Q#$%~@!40":218..236,
            attrs: [
                Attr {
                    span: 237..244,
                    name: None,
                    ty: None,
                    value: "1.2.3":237..244,
                },
                Attr {
                    span: 245..257,
                    name: Some(
                        "!!!!!":245..244,
                    ),
                    ty: None,
                    value: true:252..257,
                },
            ],
            children: [],
        },
        Node {
            span: 304..335,
            ty: None,
            name: "foo123~!@#$%^&*.:'|?+":304..325,
            attrs: [
                Attr {
                    span: 326..333,
                    name: None,
                    ty: None,
                    value: "weeee":326..333,
                },
            ],
            children: [],
        },
        Node {
            span: 368..411,
            ty: None,
            name: "„Éé„Éº„Éâ":368..377,
            attrs: [
                Attr {
                    span: 380..409,
                    name: Some(
                        "„ÅäÂêçÂâç":380..379,
                    ),
                    ty: None,
                    value: "‚òú(\u{ff9f}„ÉÆ\u{ff9f}‚òú)":389..409,
                },
            ],
            children: [],
        },
        Node {
            span: 523..559,
            ty: None,
            name: "foo":523..526,
            attrs: [
                Attr {
                    span: 527..535,
                    name: Some(
                        "bar":527..526,
                    ),
                    ty: None,
                    value: true:530..535,
                },
                Attr {
                    span: 536..541,
                    name: None,
                    ty: None,
                    value: "baz":536..541,
                },
                Attr {
                    span: 542..552,
                    name: Some(
                        "quux":542..541,
                    ),
                    ty: None,
                    value: false:546..552,
                },
                Attr {
                    span: 553..554,
                    name: None,
                    ty: None,
                    value: 1:553..554,
                },
                Attr {
                    span: 555..556,
                    name: None,
                    ty: None,
                    value: 2:555..556,
                },
                Attr {
                    span: 557..558,
                    name: None,
                    ty: None,
                    value: 3:557..558,
                },
            ],
            children: [],
        },
    ],
}
