---
source: tests/corpus.rs
expression: "invalid escape=\"\\'\"\n"
---

  × errors occured while parsing

Error: kdl::invalid_escape (https://docs.rs/kdl-visit/latest/kdl_visit/enum.ParseError.html#variant.InvalidStringEscape)

  × invalid escape sequence
   ╭────
 1 │ invalid escape="\'"
   ·                 ──
   ╰────
  help: valid escapes are \n, \r, \t, \\, \", \b, \f, and \u{XXXX}

